// Jest Snapshot v1, https://goo.gl/fbAQLP

exports[`SccAnalyzer 1`] = `
[
  AnalysisOutput {
    "data": {
      "blankLineCount": 5,
      "codeLineCount": 18,
      "commentLineCount": 1,
      "commentRatio": 0.05263157894736842,
      "fileCount": 2,
      "language": "java",
      "lineCount": 24,
    },
    "index": "public_sca_analysis_result_primary_line_counts",
  },
]
`;
